hw.c:20:6:hw_led_toggle	8	static
hw.c:25:6:hw_led_state_set	24	static
hw.c:33:10:hw_tick_ms_get	8	static
hw.c:37:5:hw_tim2_ms_get	4	static
hw.c:42:6:hw_cpu_sleep	4	static,ignoring_inline_asm
hw.c:46:7:hw_switch_state_get	16	static
hw.c:54:6:hw_delay	16	static
hw.c:59:6:hw_disable_interrupts	8	static
hw.c:64:6:hw_enable_interrupts	8	static
hw.c:71:6:hw_timer_start	8	static
hw.c:78:6:hw_timer2_start	8	static
hw.c:84:6:hw_stop_tim	16	static
hw.c:88:6:HAL_GPIO_EXTI_Callback	24	static
hw.c:113:6:HAL_TIM_PeriodElapsedCallback	16	static
